View and modify specific configuration values

Supported settings:
- `access-token`: LaunchDarkly access token with write-level access
- `analytics-opt-out`: Opt out of analytics tracking
- `base-uri`: LaunchDarkly base URI
- `database-path`: Path to the database file for the dev server
- `dev-stream-uri`: Streaming service endpoint that the dev server uses to obtain authoritative flag data. This may be a LaunchDarkly or Relay Proxy endpoint
- `environment`: Default environment key
- `flag`: Default feature flag key
- `output`: Command response output format in either JSON or plain text
- `port`: Port for the dev server to run on
- `project`: Default project key
- `sync-once`: Only sync new projects. Existing projects will neither be resynced nor have overrides specified by CLI flags applied.

Usage:
  ldcli config [flags]

Flags:
  -h, --help           help for config
      --list           List configs
      --set            Set a config field to a value
      --unset string   Unset a config field

Global Flags:
      --access-token string   LaunchDarkly access token with write-level access
      --analytics-opt-out     Opt out of analytics tracking
      --base-uri string       LaunchDarkly base URI (default "https://app.launchdarkly.com")
  -o, --output string         Command response output format in either JSON or plain text (default "plaintext")
