View and modify specific configuration values

Usage:
  ldcli config [flags]

Flags:
  -h, --help           help for config
      --list           List configs
      --set            Set a config field to a value
      --unset string   Unset a config field

Global Flags:
      --access-token string   LaunchDarkly API token with write-level access
      --analytics-opt-out     Opt out of analytics tracking
      --base-uri string       LaunchDarkly base URI (default "https://app.launchdarkly.com")
  -o, --output string         Command response output format in either JSON or plain text (default "plaintext")
