

| ### Available for customers using Experimentation
| 
| Layers are available to customers using Experimentation https://launchdarkly.com/docs/api/experiments.

There are some cases in which you may not want to include a context in more than one experiment at a time. For example, you may be concerned about collisions between experiments that are testing similar parts of your app, like two different changes to the same section of your app's user interface (UI), or experiments running on both the back end and front end of the same functionality. In this case you can eliminate the interaction effect between experiments using layers.

A layer contains a set of experiments that cannot share traffic with each other. All of the experiments within a layer are mutually exclusive, which means that if a context is included in one experiment, LaunchDarkly will exclude it from any other experiments in the same layer.

To learn more, read Mutually exclusive experiments https://launchdarkly.com/docs/home/experimentation/mutually-exclusive.

Usage:
  ldcli layers [command]

Available Commands:
  create      Create layer
  list        Get layers
  update      Update layer

Global flags:
  -h, --help                  Get help about any command
      --access-token string   LaunchDarkly access token with write-level access
      --analytics-opt-out     Opt out of analytics tracking
      --base-uri string       LaunchDarkly base URI (default "https://app.launchdarkly.com")
      --fields strings        Comma-separated list of top-level fields to include in JSON output (e.g., --fields key,name,kind)
      --json                  Output JSON format (shorthand for --output json)
  -o, --output string         Output format: json, plaintext, or markdown (default: plaintext in a terminal, json otherwise) (default "json")

Use "ldcli layers [command] --help" for more information about a command.
