

| ### This feature is in beta
| 
| To use this feature, pass in a header including the LD-API-Version key with value set to beta. Use this header with each call. To learn more, read Beta resources https://launchdarkly.com/docs/api#beta-resources.
| 
| Resources that are in beta are still undergoing testing and development. They may change without notice, including becoming backwards incompatible.

Flag import configurations allow you to import feature flags from another feature management system.

Use the flag import configuration endpoints to create, delete, and manage flag import configurations. You can import flags from other feature management tools into LaunchDarkly. For example, you can import flags from Split.io.

Several of the endpoints in the flag import configuration API require an integration ID. The integration ID is returned as part of the Create a flag import configuration https://launchdarkly.com/docs/api/flag-import-configurations-beta/create-flag-import-configuration response, in the _id field. It is also returned as part of the List all flag import configurations https://launchdarkly.com/docs/api/flag-import-configurations-beta/get-flag-import-configurations response, in the _id field of each element in the items array.

To learn more about flag import configurations, read Import flags https://launchdarkly.com/docs/home/flags/import.

Usage:
  ldcli flag-import-configurations-beta [command]

Available Commands:
  create                  Create a flag import configuration
  delete                  Delete a flag import configuration
  get                     Get a single flag import configuration
  list                    List all flag import configurations
  trigger-flag-import-job Trigger a single flag import run
  update                  Update a flag import configuration

Global flags:
  -h, --help                  Get help about any command
      --access-token string   LaunchDarkly access token with write-level access
      --analytics-opt-out     Opt out of analytics tracking
      --base-uri string       LaunchDarkly base URI (default "https://app.launchdarkly.com")
      --fields strings        Comma-separated list of top-level fields to include in JSON output (e.g., --fields key,name,kind)
      --json                  Output JSON format (shorthand for --output json)
  -o, --output string         Output format: json, plaintext, or markdown (default: plaintext in a terminal, json otherwise) (default "json")

Use "ldcli flag-import-configurations-beta [command] --help" for more information about a command.
