
Search for contexts.

You can use either the query parameters or the request body parameters. If both are provided, there is an error.

To learn more about the filter syntax, read Filtering contexts and context instances https://launchdarkly.com/docs/api/contexts#filtering-contexts-and-context-instances. To learn more about contexts, read Contexts and context kinds https://launchdarkly.com/docs/home/observability/contexts#contexts-and-context-kinds.

Usage:
  ldcli contexts search [flags]

Required flags:
  -d, --data string          Input data in JSON
      --environment string   The environment key
      --project string       The project key

Optional flags:
      --continuation-token string    Limits results to contexts with sort
                                     values after the value specified. You
                                     can use this for pagination, however,
                                     we recommend using the 'next' link we
                                     provide instead.
      --filter string                A comma-separated list of context
                                     filters. To learn more about the
                                     filter syntax, read [Filtering
                                     contexts and context
                                     instances](https://launchdarkly.com/docs/ld-docs/api/contexts#filtering-contexts-and-context-instances).
      --include-total-count string   Specifies whether to include or omit
                                     the total count of matching contexts.
                                     Defaults to true.
      --limit string                 Specifies the maximum number of items
                                     in the collection to return (max: 50,
                                     default: 20)
      --sort string                  Specifies a field by which to sort.
                                     LaunchDarkly supports sorting by
                                     timestamp in ascending order by
                                     specifying 'ts' for this value, or
                                     descending order by specifying '-ts'.

Global flags:
  -h, --help                  Get help about any command
      --access-token string   LaunchDarkly access token with write-level access
      --analytics-opt-out     Opt out of analytics tracking
      --base-uri string       LaunchDarkly base URI (default "https://app.launchdarkly.com")
      --fields strings        Comma-separated list of top-level fields to include in JSON output (e.g., --fields key,name,kind)
      --json                  Output JSON format (shorthand for --output json)
  -o, --output string         Output format: json, plaintext, or markdown (default: plaintext in a terminal, json otherwise) (default "json")
