

| ### Teams is an Enterprise feature
| 
| Teams is available to customers on an Enterprise plan. To learn more, read about our pricing https://launchdarkly.com/pricing/. To upgrade your plan, contact Sales https://launchdarkly.com/contact-sales/.

A team is a group of members in your LaunchDarkly account. Members of the team have access to various resources in LaunchDarkly, such as projects or flags, based on the role or roles you assign to the team. To learn more, read Teams https://launchdarkly.com/docs/home/account/teams.

The Teams API allows you to create, read, update, and delete a team.

Several of the endpoints in the Teams API require one or more member IDs. The member ID is returned as part of the List account members https://launchdarkly.com/docs/api/account-members/get-members response. It is the _id field of each element in the items array.

Usage:
  ldcli teams [command]

Available Commands:
  create           Create team
  create-members   Add multiple members to team
  delete           Delete team
  get              Get team
  list             List teams
  list-maintainers Get team maintainers
  list-roles       Get team custom roles
  update           Update team

Global flags:
  -h, --help                  Get help about any command
      --access-token string   LaunchDarkly access token with write-level access
      --analytics-opt-out     Opt out of analytics tracking
      --base-uri string       LaunchDarkly base URI (default "https://app.launchdarkly.com")
      --fields strings        Comma-separated list of top-level fields to include in JSON output (e.g., --fields key,name,kind)
      --json                  Output JSON format (shorthand for --output json)
  -o, --output string         Output format: json, plaintext, or markdown (default: plaintext in a terminal, json otherwise) (default "json")

Use "ldcli teams [command] --help" for more information about a command.
