
Link one or multiple resources to a view by keys, filters, or both:

• Link flags using flag keys or filters (maintainerId, maintainerTeamKey, tags, state, query)
• Link segments using segment IDs or filters (tags, query, unbounded)

When both keys and filters are provided, resources matching either condition are linked (union).

Usage:
  ldcli views-beta link-resource [flags]

Required flags:
  -d, --data string            Input data in JSON
      --project string         
      --resource-type string   
      --view string

Optional flags:
      --ld-api-version string   Version of the endpoint.

Global flags:
  -h, --help                  Get help about any command
      --access-token string   LaunchDarkly access token with write-level access
      --analytics-opt-out     Opt out of analytics tracking
      --base-uri string       LaunchDarkly base URI (default "https://app.launchdarkly.com")
      --fields strings        Comma-separated list of top-level fields to include in JSON output (e.g., --fields key,name,kind)
      --json                  Output JSON format (shorthand for --output json)
  -o, --output string         Output format: json, plaintext, or markdown (default: plaintext in a terminal, json otherwise) (default "json")
