Available commands:
  access-tokens                            
  account-usage-beta                       
  ai-configs                               
  announcements                            
  applications-beta                        
  approval-requests                        
  approvals-beta                           
  audit-log                                
  code-refs                                
  context-settings                         
  contexts                                 
  custom-roles                             
  data-export-destinations                 
  environments                             
  experiments                              
  flag-import-configurations-beta          
  flag-links-beta                          
  flag-triggers                            
  flags                                    
  flags-beta                               
  follow-flags                             
  holdouts-beta                            
  insights-charts-beta                     
  insights-deployments-beta                
  insights-flag-events-beta                
  insights-pull-requests-beta              
  insights-repositories-beta               
  insights-scores-beta                     
  integration-delivery-configurations-beta 
  integration-subscriptions                
  integrations-beta                        
  layers                                   
  members                                  
  metric-groups-beta                       
  metrics                                  
  persistent-store-integrations-beta       
  projects                                 
  relay-proxy-configs                      
  release-pipelines-beta                   
  release-policies-beta                    
  releases-beta                            
  scheduled-changes                        
  segments                                 
  tags                                     
  teams                                    
  teams-beta                               
  views-beta                               
  webhooks                                 
  workflow-templates                       
  workflows                                

Use "ldcli [command] --help" for more information about a command.
