
Retrieve an application by the application key.

### Expanding the application response

LaunchDarkly supports expanding the "Get application" response to include additional fields.

To expand the response, append the expand query parameter and include the following:

• flags includes details on the flags that have been evaluated by the application

For example, use ?expand=flags to include the flags field in the response. By default, this field is **not** included in the response.

Usage:
  ldcli applications-beta get [flags]

Required flags:
      --application string   The application key

Optional flags:
      --expand string   A comma-separated list of properties that can
                        reveal additional information in the response.
                        Options: 'flags'.

Global flags:
  -h, --help                  Get help about any command
      --access-token string   LaunchDarkly access token with write-level access
      --analytics-opt-out     Opt out of analytics tracking
      --base-uri string       LaunchDarkly base URI (default "https://app.launchdarkly.com")
      --fields strings        Comma-separated list of top-level fields to include in JSON output (e.g., --fields key,name,kind)
      --json                  Output JSON format (shorthand for --output json)
  -o, --output string         Output format: json, plaintext, or markdown (default: plaintext in a terminal, json otherwise) (default "json")
