
Display workflows associated with a feature flag.

Usage:
  ldcli workflows list [flags]

Required flags:
      --environment string   The environment key
      --flag string          The feature flag key
      --project string       The project key

Optional flags:
      --limit string    The maximum number of workflows to return.
                        Defaults to 20.
      --offset string   Where to start in the list. Defaults to 0. Use
                        this with pagination. For example, an offset of 10
                        skips the first ten items and then returns the
                        next items in the list, up to the query 'limit'.
      --sort string     A field to sort the items by. Prefix field by a
                        dash ( - ) to sort in descending order. This
                        endpoint supports sorting by 'creationDate' or
                        'stopDate'.
      --status string   Filter results by workflow status. Valid status
                        filters are 'active', 'completed', and 'failed'.

Global flags:
  -h, --help                  Get help about any command
      --access-token string   LaunchDarkly access token with write-level access
      --analytics-opt-out     Opt out of analytics tracking
      --base-uri string       LaunchDarkly base URI (default "https://app.launchdarkly.com")
      --fields strings        Comma-separated list of top-level fields to include in JSON output (e.g., --fields key,name,kind)
      --json                  Output JSON format (shorthand for --output json)
  -o, --output string         Output format: json, plaintext, or markdown (default: plaintext in a terminal, json otherwise) (default "json")
