

| ### Code references is an Enterprise feature
| 
| Code references is available to customers on an Enterprise plan. To learn more, read about our pricing https://launchdarkly.com/pricing/. To upgrade your plan, contact Sales https://launchdarkly.com/contact-sales/.

| ### Use ld-find-code-refs
| 
| LaunchDarkly provides the ld-find-code-refs utility https://github.com/launchdarkly/ld-find-code-refs that creates repository connections, generates code reference data, and creates calls to the code references API. Most customers do not need to call this API directly.

The code references API provides access to all resources related to each connected repository, and associated feature flag code reference data for all branches. To learn more, read Code references https://launchdarkly.com/docs/home/observability/code-references.

Usage:
  ldcli code-refs [command]

Available Commands:
  create-extinction  Create extinction
  create-repository  Create repository
  delete-branches    Delete branches
  delete-repository  Delete repository
  get-branch         Get branch
  get-repository     Get repository
  get-root-statistic Get links to code reference repositories for each project
  get-statistics     Get code references statistics for flags
  list-branches      List branches
  list-extinctions   List extinctions
  list-repositories  List repositories
  replace-branch     Upsert branch
  update-repository  Update repository

Global flags:
  -h, --help                  Get help about any command
      --access-token string   LaunchDarkly access token with write-level access
      --analytics-opt-out     Opt out of analytics tracking
      --base-uri string       LaunchDarkly base URI (default "https://app.launchdarkly.com")
      --fields strings        Comma-separated list of top-level fields to include in JSON output (e.g., --fields key,name,kind)
      --json                  Output JSON format (shorthand for --output json)
  -o, --output string         Output format: json, plaintext, or markdown (default: plaintext in a terminal, json otherwise) (default "json")

Use "ldcli code-refs [command] --help" for more information about a command.
