
Get time-series arrays of the number of observability sessions. Supports daily and monthly granularity.

Usage:
  ldcli account-usage-beta get-observability-sessions-usage [flags]

Optional flags:
      --aggregation-type string   Specifies the aggregation method.
                                  Defaults to 'month_to_date'.<br/>Valid
                                  values: 'month_to_date', 'incremental',
                                  'rolling_30d'.
      --from string               The series of data returned starts from
                                  this timestamp (Unix seconds). Defaults
                                  to the beginning of the current month.
      --granularity string        Specifies the data granularity. Defaults
                                  to 'daily'. Valid values depend on
                                  'aggregationType': **month_to_date**
                                  supports 'daily' and 'monthly';
                                  **incremental** and **rolling_30d**
                                  support 'daily' only.
      --project string            A project key to filter results by. Can
                                  be specified multiple times, one query
                                  parameter per project key.
      --to string                 The series of data returned ends at this
                                  timestamp (Unix seconds). Defaults to
                                  the current time.

Global flags:
  -h, --help                  Get help about any command
      --access-token string   LaunchDarkly access token with write-level access
      --analytics-opt-out     Opt out of analytics tracking
      --base-uri string       LaunchDarkly base URI (default "https://app.launchdarkly.com")
      --fields strings        Comma-separated list of top-level fields to include in JSON output (e.g., --fields key,name,kind)
      --json                  Output JSON format (shorthand for --output json)
  -o, --output string         Output format: json, plaintext, or markdown (default: plaintext in a terminal, json otherwise) (default "json")
