
Reset an environment's SDK key with an optional expiry time for the old key.

Usage:
  ldcli environments reset-sdk-key [flags]

Required flags:
      --environment string   The environment key
      --project string       The project key

Optional flags:
      --expiry string   The time at which you want the old SDK key to
                        expire, in UNIX milliseconds. By default, the key
                        expires immediately. During the period between
                        this call and the time when the old SDK key
                        expires, both the old SDK key and the new SDK key
                        will work.

Global flags:
  -h, --help                  Get help about any command
      --access-token string   LaunchDarkly access token with write-level access
      --analytics-opt-out     Opt out of analytics tracking
      --base-uri string       LaunchDarkly base URI (default "https://app.launchdarkly.com")
      --fields strings        Comma-separated list of top-level fields to include in JSON output (e.g., --fields key,name,kind)
      --json                  Output JSON format (shorthand for --output json)
  -o, --output string         Output format: json, plaintext, or markdown (default: plaintext in a terminal, json otherwise) (default "json")
