

| ### This feature is in beta
| 
| To use this feature, pass in a header including the LD-API-Version key with value set to beta. Use this header with each call. To learn more, read Beta resources https://launchdarkly.com/docs/api#beta-resources.
| 
| Resources that are in beta are still undergoing testing and development. They may change without notice, including becoming backwards incompatible.

| ### Integration configuration is an Enterprise feature
| 
| Integration configuration is available to customers on an Enterprise plan. To learn more, read about our pricing https://launchdarkly.com/pricing/. To upgrade your plan, contact Sales https://launchdarkly.com/contact-sales/.

You can use the integrations API to create, delete, and manage integration configurations.

An integration configuration stores and manages configuration details for an integration between LaunchDarkly and a third-party application. To learn more about building an integration, read Using the LaunchDarkly integration framework https://launchdarkly.com/docs/integrations/building-integrations and Building partner integrations https://launchdarkly.com/docs/integrations/partner-integrations.

Usage:
  ldcli integrations-beta [command]

Available Commands:
  create-configuration Create integration configuration
  delete-configuration Delete integration configuration
  get-configuration    Get an integration configuration
  list-configurations  Get all configurations for the integration
  update-configuration Update integration configuration

Global flags:
  -h, --help                  Get help about any command
      --access-token string   LaunchDarkly access token with write-level access
      --analytics-opt-out     Opt out of analytics tracking
      --base-uri string       LaunchDarkly base URI (default "https://app.launchdarkly.com")
      --fields strings        Comma-separated list of top-level fields to include in JSON output (e.g., --fields key,name,kind)
      --json                  Output JSON format (shorthand for --output json)
  -o, --output string         Output format: json, plaintext, or markdown (default: plaintext in a terminal, json otherwise) (default "json")

Use "ldcli integrations-beta [command] --help" for more information about a command.
