

| ### This feature is in beta
| 
| To use this feature, pass in a header including the LD-API-Version key with value set to beta. Use this header with each call. To learn more, read Beta resources https://launchdarkly.com/docs/api#beta-resources.
| 
| Resources that are in beta are still undergoing testing and development. They may change without notice, including becoming backwards incompatible.

The insights scores API provides scores for data used in engineering insights project metrics. To learn more, read Project overview https://launchdarkly.com/docs/home/observability/project-overview and Project metrics https://launchdarkly.com/docs/home/observability/project-metrics.

Usage:
  ldcli insights-scores-beta [command]

Available Commands:
  create-insight-group Create insight group
  delete-insight-group Delete insight group
  get                  Get insight scores
  get-insight-group    Get insight group
  list-insight-groups  List insight groups
  update-insight-group Patch insight group

Global flags:
  -h, --help                  Get help about any command
      --access-token string   LaunchDarkly access token with write-level access
      --analytics-opt-out     Opt out of analytics tracking
      --base-uri string       LaunchDarkly base URI (default "https://app.launchdarkly.com")
      --fields strings        Comma-separated list of top-level fields to include in JSON output (e.g., --fields key,name,kind)
      --json                  Output JSON format (shorthand for --output json)
  -o, --output string         Output format: json, plaintext, or markdown (default: plaintext in a terminal, json otherwise) (default "json")

Use "ldcli insights-scores-beta [command] --help" for more information about a command.
