
Update an experiment. Updating an experiment uses the semantic patch format.

To make a semantic patch request, you must append domain-model=launchdarkly.semanticpatch to your Content-Type header. To learn more, read Updates using semantic patch https://launchdarkly.com/docs/api#updates-using-semantic-patch.

### Instructions

Semantic patch requests support the following kind instructions for updating experiments.

#### updateName

Updates the experiment name.

##### Parameters

• value: The new name.

Here's an example:

  {
    "instructions": [{
      "kind": "updateName",
      "value": "Example updated experiment name"
    }]
  }

#### updateDescription

Updates the experiment description.

##### Parameters

• value: The new description.

Here's an example:

  {
    "instructions": [{
      "kind": "updateDescription",
      "value": "Example updated description"
    }]
  }

#### startIteration

Starts a new iteration for this experiment. You must create a new iteration https://launchdarkly.com/docs/api/experiments/create-iteration before calling this instruction.

An iteration may not be started until it meets the following criteria:

• Its associated flag is toggled on and is not archived
• Its randomizationUnit is set
• At least one of its treatments has a non-zero allocationPercent

##### Parameters

• changeJustification: The reason for starting a new iteration. Required when you call startIteration on an already running experiment, otherwise optional.

Here's an example:

  {
    "instructions": [{
      "kind": "startIteration",
      "changeJustification": "It's time to start a new iteration"
    }]
  }

#### stopIteration

Stops the current iteration for this experiment.

##### Parameters

• winningTreatmentId: The ID of the winning treatment. Treatment IDs are returned as part of the Get experiment https://launchdarkly.com/docs/api/experiments/get-experiment response. They are the _id of each element in the treatments array.
• winningReason: The reason for the winner

Here's an example:

  {
    "instructions": [{
      "kind": "stopIteration",
      "winningTreatmentId": "3a548ec2-72ac-4e59-8518-5c24f5609ccf",
      "winningReason": "Example reason to stop the iteration"
    }]
  }

#### archiveExperiment

Archives this experiment. Archived experiments are hidden by default in the LaunchDarkly user interface. You cannot start new iterations for archived experiments.

Here's an example:

  {
    "instructions": [{ "kind": "archiveExperiment" }]
  }

#### restoreExperiment

Restores an archived experiment. After restoring an experiment, you can start new iterations for it again.

Here's an example:

  {
    "instructions": [{ "kind": "restoreExperiment" }]
  }

Usage:
  ldcli experiments update [flags]

Required flags:
  -d, --data string          Input data in JSON
      --environment string   The environment key
      --experiment string    The experiment key
      --project string       The project key

Optional flags:
      --semantic-patch   Perform a semantic patch request

Global flags:
  -h, --help                  Get help about any command
      --access-token string   LaunchDarkly access token with write-level access
      --analytics-opt-out     Opt out of analytics tracking
      --base-uri string       LaunchDarkly base URI (default "https://app.launchdarkly.com")
      --fields strings        Comma-separated list of top-level fields to include in JSON output (e.g., --fields key,name,kind)
      --json                  Output JSON format (shorthand for --output json)
  -o, --output string         Output format: json, plaintext, or markdown (default: plaintext in a terminal, json otherwise) (default "json")
