
Get a list of all linked views for a resource. Flags are identified by key. Segments are identified by segment ID.

Usage:
  ldcli views-beta list-linked [flags]

Required flags:
      --project string         
      --resource string        
      --resource-type string

Optional flags:
      --environment-id string   Environment ID. Required when resourceType
                                is 'segments'
      --ld-api-version string   Version of the endpoint.
      --limit string            The number of views to return.
      --offset string           Where to start in the list. Use this with
                                pagination. For example, an offset of 10
                                skips the first ten items and then returns
                                the next items in the list, up to the
                                query 'limit'.

Global flags:
  -h, --help                  Get help about any command
      --access-token string   LaunchDarkly access token with write-level access
      --analytics-opt-out     Opt out of analytics tracking
      --base-uri string       LaunchDarkly base URI (default "https://app.launchdarkly.com")
      --fields strings        Comma-separated list of top-level fields to include in JSON output (e.g., --fields key,name,kind)
      --json                  Output JSON format (shorthand for --output json)
  -o, --output string         Output format: json, plaintext, or markdown (default: plaintext in a terminal, json otherwise) (default "json")
