
This endpoint is only available for releases that are part of a legacy release pipeline. Releases for new release pipelines should use the Update phase status for release https://launchdarkly.com/docs/api/releases-beta/update-phase-status endpoint.

Update currently active release for a flag. Updating releases requires the JSON patch https://datatracker.ietf.org/doc/html/rfc6902 format. To learn more, read Updates https://launchdarkly.com/docs/api#updates.

You can only use this endpoint to mark a release phase complete or incomplete. To indicate which phase to update, use the array index in the path. For example, to mark the first phase of a release as complete, use the following request body:

    [
      {
        "op": "replace",
        "path": "/phase/0/complete",
        "value": true
      }
    ]

Usage:
  ldcli releases-beta update [flags]

Required flags:
  -d, --data string      Input data in JSON
      --flag string      The flag key
      --project string   The project key

Global flags:
  -h, --help                  Get help about any command
      --access-token string   LaunchDarkly access token with write-level access
      --analytics-opt-out     Opt out of analytics tracking
      --base-uri string       LaunchDarkly base URI (default "https://app.launchdarkly.com")
      --fields strings        Comma-separated list of top-level fields to include in JSON output (e.g., --fields key,name,kind)
      --json                  Output JSON format (shorthand for --output json)
  -o, --output string         Output format: json, plaintext, or markdown (default: plaintext in a terminal, json otherwise) (default "json")
