Generate the autocompletion script for the zsh shell.

If shell completion is not already enabled in your environment you will need
to enable it.  You can execute the following once:

	echo "autoload -U compinit; compinit" >> ~/.zshrc

To load completions in your current shell session:

	source <(ldcli completion zsh)

To load completions for every new session, execute once:

#### Linux:

	ldcli completion zsh > "${fpath[1]}/_ldcli"

#### macOS:

	ldcli completion zsh > $(brew --prefix)/share/zsh/site-functions/_ldcli

You will need to start a new shell for this setup to take effect.

Usage:
  ldcli completion zsh [flags]

Optional flags:
      --no-descriptions   disable completion descriptions

Global flags:
  -h, --help                  Get help about any command
      --access-token string   LaunchDarkly access token with write-level access
      --analytics-opt-out     Opt out of analytics tracking
      --base-uri string       LaunchDarkly base URI (default "https://app.launchdarkly.com")
      --fields strings        Comma-separated list of top-level fields to include in JSON output (e.g., --fields key,name,kind)
      --json                  Output JSON format (shorthand for --output json)
  -o, --output string         Output format: json, plaintext, or markdown (default: plaintext in a terminal, json otherwise) (default "json")
