

| ### Scheduled flag changes is an Enterprise feature
| 
| Scheduled flag changes is available to customers on an Enterprise plan. To learn more, read about our pricing https://launchdarkly.com/pricing/. To upgrade your plan, contact Sales https://launchdarkly.com/contact-sales/.

You can schedule flag targeting rule changes to take place at a selected time. You may schedule multiple changes for a single flag with each change having a different ExecutionDate. To learn more, read Scheduled flag changes https://launchdarkly.com/docs/home/releases/scheduled-changes.

Several endpoints in the scheduled changes API require an existing scheduled change ID. This ID is returned in the _id field from the Create scheduled changes workflow https://launchdarkly.com/docs/api/scheduled-changes/post-flag-config-scheduled-changes response, or in the _id field of each element in the items array from the List scheduled changes https://launchdarkly.com/docs/api/scheduled-changes/get-flag-config-scheduled-changes response.

Usage:
  ldcli scheduled-changes [command]

Available Commands:
  create      Create scheduled changes workflow
  delete      Delete scheduled changes workflow
  get         Get a scheduled change
  list        List scheduled changes
  update      Update scheduled changes workflow

Global flags:
  -h, --help                  Get help about any command
      --access-token string   LaunchDarkly access token with write-level access
      --analytics-opt-out     Opt out of analytics tracking
      --base-uri string       LaunchDarkly base URI (default "https://app.launchdarkly.com")
      --fields strings        Comma-separated list of top-level fields to include in JSON output (e.g., --fields key,name,kind)
      --json                  Output JSON format (shorthand for --output json)
  -o, --output string         Output format: json, plaintext, or markdown (default: plaintext in a terminal, json otherwise) (default "json")

Use "ldcli scheduled-changes [command] --help" for more information about a command.
