

| ### This feature is in beta
| 
| To use this feature, pass in a header including the LD-API-Version key with value set to beta. Use this header with each call. To learn more, read Beta resources https://launchdarkly.com/docs/api#beta-resources.
| 
| Resources that are in beta are still undergoing testing and development. They may change without notice, including becoming backwards incompatible.

| ### Teams is an Enterprise feature
| 
| Teams is available to customers on an Enterprise plan. To learn more, read about our pricing https://launchdarkly.com/pricing/. To upgrade your plan, contact Sales https://launchdarkly.com/contact-sales/.

A team is a group of members in your LaunchDarkly account. A team can have maintainers who are able to add and remove team members. It also can have custom roles assigned to it that allows shared access to those roles for all team members. To learn more, read Teams https://launchdarkly.com/docs/home/account/teams.

Usage:
  ldcli teams-beta [command]

Available Commands:
  update-multiple Update teams

Global flags:
  -h, --help                  Get help about any command
      --access-token string   LaunchDarkly access token with write-level access
      --analytics-opt-out     Opt out of analytics tracking
      --base-uri string       LaunchDarkly base URI (default "https://app.launchdarkly.com")
      --fields strings        Comma-separated list of top-level fields to include in JSON output (e.g., --fields key,name,kind)
      --json                  Output JSON format (shorthand for --output json)
  -o, --output string         Output format: json, plaintext, or markdown (default: plaintext in a terminal, json otherwise) (default "json")

Use "ldcli teams-beta [command] --help" for more information about a command.
