

| ### Flag triggers is an Enterprise feature
| 
| Flag triggers is available to customers on an Enterprise plan. To learn more, read about our pricing https://launchdarkly.com/pricing/. To upgrade your plan, contact Sales https://launchdarkly.com/contact-sales/.

Flag triggers let you initiate flag changes remotely using a unique webhook URL. For example, you can integrate triggers with your existing tools to enable or disable flags when you hit specific operational health thresholds or receive certain alerts. To learn more, read Flag triggers https://launchdarkly.com/docs/home/releases/triggers.

With the flag triggers API, you can create, delete, and manage triggers.

Several of the endpoints in the flag triggers API require a flag trigger ID. The flag trigger ID is returned as part of the Create flag trigger https://launchdarkly.com/docs/api/flag-triggers/create-trigger-workflow and List flag triggers https://launchdarkly.com/docs/api/flag-triggers/get-trigger-workflows responses. It is the _id field, or the _id field of each element in the items array.

Usage:
  ldcli flag-triggers [command]

Available Commands:
  create      Create flag trigger
  delete      Delete flag trigger
  get         Get flag trigger by ID
  list        List flag triggers
  update      Update flag trigger

Global flags:
  -h, --help                  Get help about any command
      --access-token string   LaunchDarkly access token with write-level access
      --analytics-opt-out     Opt out of analytics tracking
      --base-uri string       LaunchDarkly base URI (default "https://app.launchdarkly.com")
      --fields strings        Comma-separated list of top-level fields to include in JSON output (e.g., --fields key,name,kind)
      --json                  Output JSON format (shorthand for --output json)
  -o, --output string         Output format: json, plaintext, or markdown (default: plaintext in a terminal, json otherwise) (default "json")

Use "ldcli flag-triggers [command] --help" for more information about a command.
