
Get a collection of all layers for a project

Usage:
  ldcli layers list [flags]

Required flags:
      --project string   The project key

Optional flags:
      --filter string   A comma-separated list of filters. This endpoint
                        only accepts filtering by 'experimentKey'. The
                        filter returns layers which include that
                        experiment for the selected environment(s). For
                        example: 'filter=reservations.experimentKey
                        contains expKey'.

Global flags:
  -h, --help                  Get help about any command
      --access-token string   LaunchDarkly access token with write-level access
      --analytics-opt-out     Opt out of analytics tracking
      --base-uri string       LaunchDarkly base URI (default "https://app.launchdarkly.com")
      --fields strings        Comma-separated list of top-level fields to include in JSON output (e.g., --fields key,name,kind)
      --json                  Output JSON format (shorthand for --output json)
  -o, --output string         Output format: json, plaintext, or markdown (default: plaintext in a terminal, json otherwise) (default "json")
