
Get a list of connected repositories. Optionally, you can include branch metadata with the withBranches query parameter. Embed references for the default branch with ReferencesForDefaultBranch. You can also filter the list of code references by project key and flag key.

Usage:
  ldcli code-refs list-repositories [flags]

Optional flags:
      --flag string                                 If set to any value,
                                                    the endpoint returns
                                                    repositories with
                                                    associated branch
                                                    data, as well as code
                                                    references for the
                                                    default git branch
      --proj string                                 A LaunchDarkly project
                                                    key. If provided, this
                                                    filters code reference
                                                    results to the
                                                    specified project.
      --with-branches string                        If set to any value,
                                                    the endpoint returns
                                                    repositories with
                                                    associated branch data
      --with-references-for-default-branch string   If set to any value,
                                                    the endpoint returns
                                                    repositories with
                                                    associated branch
                                                    data, as well as code
                                                    references for the
                                                    default git branch

Global flags:
  -h, --help                  Get help about any command
      --access-token string   LaunchDarkly access token with write-level access
      --analytics-opt-out     Opt out of analytics tracking
      --base-uri string       LaunchDarkly base URI (default "https://app.launchdarkly.com")
      --fields strings        Comma-separated list of top-level fields to include in JSON output (e.g., --fields key,name,kind)
      --json                  Output JSON format (shorthand for --output json)
  -o, --output string         Output format: json, plaintext, or markdown (default: plaintext in a terminal, json otherwise) (default "json")
