
Get a list of flag events

### Expanding the flag event collection response

LaunchDarkly supports expanding the flag event collection response to include additional fields.

To expand the response, append the expand query parameter and include the following:

• experiments includes details on all of the experiments run on each flag

For example, use ?expand=experiments to include the experiments field in the response. By default, this field is **not** included in the response.

Usage:
  ldcli insights-flag-events-beta list-flag-events [flags]

Optional flags:
      --after string             Identifier used for pagination
      --application string       Comma separated list of application keys
      --before string            Identifier used for pagination
      --environment string       The environment key
      --expand string            Expand properties in response. Options:
                                 'experiments'
      --from string              Unix timestamp in milliseconds. Default
                                 value is 7 days ago.
      --global string            Filter to include or exclude global
                                 events. Default value is 'include'.
                                 Options: 'include', 'exclude'
      --has-experiments string   Filter events to those associated with an
                                 experiment ('true') or without an
                                 experiment ('false')
      --impact-size string       Filter events by impact size. A small
                                 impact created a less than 20% change in
                                 the proportion of end users receiving one
                                 or more flag variations. A medium impact
                                 created between a 20%-80% change. A large
                                 impact created a more than 80% change.
                                 Options: 'none', 'small', 'medium', 'large'
      --limit string             The number of deployments to return.
                                 Default is 20. Maximum allowed is 100.
      --project string           The project key
      --query string             Filter events by flag key
      --to string                Unix timestamp in milliseconds. Default
                                 value is now.

Global flags:
  -h, --help                  Get help about any command
      --access-token string   LaunchDarkly access token with write-level access
      --analytics-opt-out     Opt out of analytics tracking
      --base-uri string       LaunchDarkly base URI (default "https://app.launchdarkly.com")
      --fields strings        Comma-separated list of top-level fields to include in JSON output (e.g., --fields key,name,kind)
      --json                  Output JSON format (shorthand for --output json)
  -o, --output string         Output format: json, plaintext, or markdown (default: plaintext in a terminal, json otherwise) (default "json")
