
Returns aggregate counts of audit log entries per time bucket. Used for dashboard overlays that show flag targeting changes.

Usage:
  ldcli audit-log create-entry-counts [flags]

Required flags:
  -d, --data string   Input data in JSON

Optional flags:
      --after string     A timestamp filter, expressed as a Unix epoch
                         time in milliseconds. Required.
      --before string    A timestamp filter, expressed as a Unix epoch
                         time in milliseconds. Defaults to now.
      --buckets string   Number of time buckets to divide the range into.
                         Default 50, max 500.

Global flags:
  -h, --help                  Get help about any command
      --access-token string   LaunchDarkly access token with write-level access
      --analytics-opt-out     Opt out of analytics tracking
      --base-uri string       LaunchDarkly base URI (default "https://app.launchdarkly.com")
      --fields strings        Comma-separated list of top-level fields to include in JSON output (e.g., --fields key,name,kind)
      --json                  Output JSON format (shorthand for --output json)
  -o, --output string         Output format: json, plaintext, or markdown (default: plaintext in a terminal, json otherwise) (default "json")
