

| ### Data Export is an add-on feature
| 
| Data Export is available as an add-on for customers on a Foundation or Enterprise plan. To learn more, read about our pricing https://launchdarkly.com/pricing/. To upgrade your plan, contact Sales https://launchdarkly.com/contact-sales/.

Data Export provides a real-time export of raw analytics data, including feature flag requests, analytics events, custom events, and more.

Data Export destinations are locations that receive exported data. The Data Export destinations API allows you to configure destinations so that your data can be exported.

Several of the endpoints in the Data Export destinations API require a Data Export destination ID. The Data Export destination ID is returned as part of the Create a Data Export destination https://launchdarkly.com/docs/api/data-export-destinations/post-destination and List destinations https://launchdarkly.com/docs/api/data-export-destinations/get-destinations responses. It is the _id field, or the _id field of each element in the items array.

To learn more, read Data Export https://launchdarkly.com/docs/integrations/data-export.

Usage:
  ldcli data-export-destinations [command]

Available Commands:
  create                                         Create Data Export destination
  create-generate-trust-policy                   Generate trust policy
  create-generate-warehouse-destination-key-pair Generate Snowflake destination key pair
  delete                                         Delete Data Export destination
  get                                            Get destination
  list                                           List destinations
  update                                         Update Data Export destination

Global flags:
  -h, --help                  Get help about any command
      --access-token string   LaunchDarkly access token with write-level access
      --analytics-opt-out     Opt out of analytics tracking
      --base-uri string       LaunchDarkly base URI (default "https://app.launchdarkly.com")
      --fields strings        Comma-separated list of top-level fields to include in JSON output (e.g., --fields key,name,kind)
      --json                  Output JSON format (shorthand for --output json)
  -o, --output string         Output format: json, plaintext, or markdown (default: plaintext in a terminal, json otherwise) (default "json")

Use "ldcli data-export-destinations [command] --help" for more information about a command.
