
Get release frequency chart data. Engineering insights displays release frequency data in the release frequency metric view https://launchdarkly.com/docs/home/observability/releases.

Usage:
  ldcli insights-charts-beta get-release-frequency-chart [flags]

Optional flags:
      --application string       Comma separated list of application keys
      --bucket-ms string         Duration of intervals for x-axis in
                                 milliseconds. Default value is one day
                                 ('86400000' milliseconds).
      --bucket-type string       Specify type of bucket. Options:
                                 'rolling', 'hour', 'day'. Default: 'rolling'.
      --environment string       The environment key
      --expand string            Options: 'metrics'
      --from string              Unix timestamp in milliseconds. Default
                                 value is 7 days ago.
      --global string            Filter to include or exclude global
                                 events. Default value is 'include'.
                                 Options: 'include', 'exclude'
      --group-by string          Property to group results by. Options:
                                 'impact'
      --has-experiments string   Filter events to those associated with an
                                 experiment ('true') or without an
                                 experiment ('false')
      --project string           The project key
      --to string                Unix timestamp in milliseconds. Default
                                 value is now.

Global flags:
  -h, --help                  Get help about any command
      --access-token string   LaunchDarkly access token with write-level access
      --analytics-opt-out     Opt out of analytics tracking
      --base-uri string       LaunchDarkly base URI (default "https://app.launchdarkly.com")
      --fields strings        Comma-separated list of top-level fields to include in JSON output (e.g., --fields key,name,kind)
      --json                  Output JSON format (shorthand for --output json)
  -o, --output string         Output format: json, plaintext, or markdown (default: plaintext in a terminal, json otherwise) (default "json")
