
Create scheduled changes for a feature flag. The changes you schedule may include any semantic patch instructions available when updating a feature flag https://launchdarkly.com/docs/api/feature-flags/patch-feature-flag#using-semantic-patches-on-a-feature-flag. If the ignoreConflicts query parameter is false and there are conflicts between these instructions and existing scheduled changes, the request will fail. If the parameter is true and there are conflicts, the request will succeed.

Usage:
  ldcli scheduled-changes create [flags]

Required flags:
  -d, --data string          Input data in JSON
      --environment string   The environment key
      --flag string          The feature flag key
      --project string       The project key

Optional flags:
      --ignore-conflicts string   Whether to succeed ('true') or fail
                                  ('false') when these instructions
                                  conflict with existing scheduled changes
      --semantic-patch            Perform a semantic patch request

Global flags:
  -h, --help                  Get help about any command
      --access-token string   LaunchDarkly access token with write-level access
      --analytics-opt-out     Opt out of analytics tracking
      --base-uri string       LaunchDarkly base URI (default "https://app.launchdarkly.com")
      --fields strings        Comma-separated list of top-level fields to include in JSON output (e.g., --fields key,name,kind)
      --json                  Output JSON format (shorthand for --output json)
  -o, --output string         Output format: json, plaintext, or markdown (default: plaintext in a terminal, json otherwise) (default "json")
