
Projects allow you to manage multiple different software projects under one LaunchDarkly account. Each project has its own unique set of environments and feature flags. To learn more, read Projects https://launchdarkly.com/docs/home/account/project.

Using the projects API, you can list, create, and manage projects.

Usage:
  ldcli projects [command]

Available Commands:
  create                Create project
  delete                Delete project
  get                   Get project
  get-flag-defaults     Get flag defaults for project
  list                  List projects
  replace-flag-defaults Create or update flag defaults for project
  update                Update project
  update-flag-defaults  Update flag default for project

Global flags:
  -h, --help                  Get help about any command
      --access-token string   LaunchDarkly access token with write-level access
      --analytics-opt-out     Opt out of analytics tracking
      --base-uri string       LaunchDarkly base URI (default "https://app.launchdarkly.com")
      --fields strings        Comma-separated list of top-level fields to include in JSON output (e.g., --fields key,name,kind)
      --json                  Output JSON format (shorthand for --output json)
  -o, --output string         Output format: json, plaintext, or markdown (default: plaintext in a terminal, json otherwise) (default "json")

Use "ldcli projects [command] --help" for more information about a command.
