
Get context instances by ID.

Usage:
  ldcli contexts list-instances [flags]

Required flags:
      --environment string   The environment key
      --id string            The context instance ID
      --project string       The project key

Optional flags:
      --continuation-token string    Limits results to context instances
                                     with sort values after the value
                                     specified. You can use this for
                                     pagination, however, we recommend
                                     using the 'next' link we provide instead.
      --filter string                A comma-separated list of context
                                     filters. This endpoint only accepts
                                     an 'applicationId' filter. To learn
                                     more about the filter syntax, read
                                     [Filtering contexts and context
                                     instances](https://launchdarkly.com/docs/ld-docs/api/contexts#filtering-contexts-and-context-instances).
      --include-total-count string   Specifies whether to include or omit
                                     the total count of matching context
                                     instances. Defaults to true.
      --limit string                 Specifies the maximum number of
                                     context instances to return (max: 50,
                                     default: 20)
      --sort string                  Specifies a field by which to sort.
                                     LaunchDarkly supports sorting by
                                     timestamp in ascending order by
                                     specifying 'ts' for this value, or
                                     descending order by specifying '-ts'.

Global flags:
  -h, --help                  Get help about any command
      --access-token string   LaunchDarkly access token with write-level access
      --analytics-opt-out     Opt out of analytics tracking
      --base-uri string       LaunchDarkly base URI (default "https://app.launchdarkly.com")
      --fields strings        Comma-separated list of top-level fields to include in JSON output (e.g., --fields key,name,kind)
      --json                  Output JSON format (shorthand for --output json)
  -o, --output string         Output format: json, plaintext, or markdown (default: plaintext in a terminal, json otherwise) (default "json")
