
Metrics track flag behavior over time when an experiment is running. The data generated from experiments gives you more insight into the impact of a particular flag. To learn more, read Metrics https://launchdarkly.com/docs/home/observability/metrics.

Using the metrics API, you can create, delete, and manage metrics.

| ### Metric keys and event keys are different
| 
| LaunchDarkly automatically generates a metric key when you create a metric. You can use the metric key to identify the metric in API calls.
| 
| Custom conversion/binary and custom numeric metrics also require an event key. You can set the event key to anything you want. Adding this event key to your codebase lets your SDK track actions customers take in your app as events. To learn more, read Sending custom events https://launchdarkly.com/docs/sdk/features/events.

### Importing metric events

The metric import API is separate from the metrics API.

The metric import API lets you import metric events from your data pipeline for use with Experimentation and guarded rollouts. This means you can send your already-instrumented metrics into LaunchDarkly without writing and deploying new code for each metric.

For details on the metric import API, read Importing metric events https://launchdarkly.com/docs/home/observability/import-events.

| #### The metric import API uses a different base URL
| 
| The metric import API differs from other LaunchDarkly REST APIs because it uses a different base URL: it requires https://events.launchdarkly.com rather than https://app.launchdarkly.com. For this reason, the metric import API is also not included as part of LaunchDarkly's generated client libraries https://launchdarkly.com/docs/api#openapi-swagger-and-client-libraries, and details are not included in the OpenAPI specification https://launchdarkly.com/docs/api/other/get-openapi-spec. To learn more, read Importing metric events https://launchdarkly.com/docs/home/observability/import-events.

Usage:
  ldcli metrics [command]

Available Commands:
  create      Create metric
  delete      Delete metric
  get         Get metric
  list        List metrics
  update      Update metric

Global flags:
  -h, --help                  Get help about any command
      --access-token string   LaunchDarkly access token with write-level access
      --analytics-opt-out     Opt out of analytics tracking
      --base-uri string       LaunchDarkly base URI (default "https://app.launchdarkly.com")
      --fields strings        Comma-separated list of top-level fields to include in JSON output (e.g., --fields key,name,kind)
      --json                  Output JSON format (shorthand for --output json)
  -o, --output string         Output format: json, plaintext, or markdown (default: plaintext in a terminal, json otherwise) (default "json")

Use "ldcli metrics [command] --help" for more information about a command.
