
Fetch the maintainers that have been assigned to the team. To learn more, read Managing team maintainers https://launchdarkly.com/docs/home/account/team-maintainers.

Usage:
  ldcli teams list-maintainers [flags]

Required flags:
      --team string   The team key

Optional flags:
      --limit string    The number of maintainers to return in the
                        response. Defaults to 20.
      --offset string   Where to start in the list. This is for use with
                        pagination. For example, an offset of 10 skips the
                        first ten items and then returns the next items in
                        the list, up to the query 'limit'.

Global flags:
  -h, --help                  Get help about any command
      --access-token string   LaunchDarkly access token with write-level access
      --analytics-opt-out     Opt out of analytics tracking
      --base-uri string       LaunchDarkly base URI (default "https://app.launchdarkly.com")
      --fields strings        Comma-separated list of top-level fields to include in JSON output (e.g., --fields key,name,kind)
      --json                  Output JSON format (shorthand for --output json)
  -o, --output string         Output format: json, plaintext, or markdown (default: plaintext in a terminal, json otherwise) (default "json")
