

| ### Full use of this API resource is an Enterprise feature
| 
| The ability to perform a partial update to multiple members is available to customers on an Enterprise plan. If you are on another plan, you can update members individually. To learn more, read about our pricing https://launchdarkly.com/pricing/. To upgrade your plan, contact Sales https://launchdarkly.com/contact-sales/.

Perform a partial update to multiple members. Updating members uses the semantic patch format.

To make a semantic patch request, you must append domain-model=launchdarkly.semanticpatch to your Content-Type header. To learn more, read Updates using semantic patch https://launchdarkly.com/docs/api#updates-using-semantic-patch.

### Instructions

Semantic patch requests support the following kind instructions for updating members.
Click to expand instructions for updating members
#### replaceMembersRoles

Replaces the roles of the specified members. This also removes all custom roles assigned to the specified members.

##### Parameters

• value: The new role. Must be a valid base role https://launchdarkly.com/docs/home/getting-started/vocabulary#base-role. To learn more, read Roles https://launchdarkly.com/docs/home/account/roles.
• memberIDs: List of member IDs.

Here's an example:

  {
    "instructions": [{
      "kind": "replaceMembersRoles",
      "value": "reader",
      "memberIDs": [
        "1234a56b7c89d012345e678f",
        "507f1f77bcf86cd799439011"
      ]
    }]
  }

#### replaceAllMembersRoles

Replaces the roles of all members. This also removes all custom roles assigned to the specified members.

Members that match any of the filters are **excluded** from the update.

##### Parameters

• value: The new role. Must be a valid base role https://launchdarkly.com/docs/home/getting-started/vocabulary#base-role. To learn more, read Roles https://launchdarkly.com/docs/home/account/roles.
• filterLastSeen: (Optional) A JSON object with one of the following formats:
    • {"never": true} - Members that have never been active, such as those who have not accepted their invitation to LaunchDarkly, or have not logged in after being provisioned via SCIM.
    • {"noData": true} - Members that have not been active since LaunchDarkly began recording last seen timestamps.
    • {"before": 1608672063611} - Members that have not been active since the provided value, which should be a timestamp in Unix epoch milliseconds.
• filterQuery: (Optional) A string that matches against the members' emails and names. It is not case sensitive.
• filterRoles: (Optional) A | separated list of roles and custom roles. For the purposes of this filtering, Owner counts as Admin.
• filterTeamKey: (Optional) A string that matches against the key of the team the members belong to. It is not case sensitive.
• ignoredMemberIDs: (Optional) A list of member IDs.

Here's an example:

  {
    "instructions": [{
      "kind": "replaceAllMembersRoles",
      "value": "reader",
      "filterLastSeen": { "never": true }
    }]
  }

#### replaceMembersCustomRoles

Replaces the custom roles of the specified members.

##### Parameters

• values: List of new custom roles. Must be a valid custom role key or ID.
• memberIDs: List of member IDs.

Here's an example:

  {
    "instructions": [{
      "kind": "replaceMembersCustomRoles",
      "values": [ "example-custom-role" ],
      "memberIDs": [
        "1234a56b7c89d012345e678f",
        "507f1f77bcf86cd799439011"
      ]
    }]
  }

#### replaceAllMembersCustomRoles

Replaces the custom roles of all members. Members that match any of the filters are **excluded** from the update.

##### Parameters

• values: List of new roles. Must be a valid custom role key or ID.
• filterLastSeen: (Optional) A JSON object with one of the following formats:
    • {"never": true} - Members that have never been active, such as those who have not accepted their invitation to LaunchDarkly, or have not logged in after being provisioned via SCIM.
    • {"noData": true} - Members that have not been active since LaunchDarkly began recording last seen timestamps.
    • {"before": 1608672063611} - Members that have not been active since the provided value, which should be a timestamp in Unix epoch milliseconds.
• filterQuery: (Optional) A string that matches against the members' emails and names. It is not case sensitive.
• filterRoles: (Optional) A | separated list of roles and custom roles. For the purposes of this filtering, Owner counts as Admin.
• filterTeamKey: (Optional) A string that matches against the key of the team the members belong to. It is not case sensitive.
• ignoredMemberIDs: (Optional) A list of member IDs.

Here's an example:

  {
    "instructions": [{
      "kind": "replaceAllMembersCustomRoles",
      "values": [ "example-custom-role" ],
      "filterLastSeen": { "never": true }
    }]
  }

#### replaceMembersRoleAttributes

Replaces the role attributes of the specified members.

##### Parameters

• value: Map of role attribute keys to lists of values.
• memberIDs: List of member IDs.

Here's an example:

  {
    "instructions": [{
      "kind": "replaceMembersRoleAttributes",
      "value": {
        "myRoleProjectKey": ["mobile", "web"],
        "myRoleEnvironmentKey": ["production"]
      },
      "memberIDs": [
        "1234a56b7c89d012345e678f",
        "507f1f77bcf86cd799439011"
      ]
    }]
  }

Usage:
  ldcli members update-multiple [flags]

Required flags:
  -d, --data string   Input data in JSON

Optional flags:
      --semantic-patch   Perform a semantic patch request

Global flags:
  -h, --help                  Get help about any command
      --access-token string   LaunchDarkly access token with write-level access
      --analytics-opt-out     Opt out of analytics tracking
      --base-uri string       LaunchDarkly base URI (default "https://app.launchdarkly.com")
      --fields strings        Comma-separated list of top-level fields to include in JSON output (e.g., --fields key,name,kind)
      --json                  Output JSON format (shorthand for --output json)
  -o, --output string         Output format: json, plaintext, or markdown (default: plaintext in a terminal, json otherwise) (default "json")
