
Get a single project by key.

### Expanding the project response

LaunchDarkly supports one field for expanding the "Get project" response. By default, these fields are **not** included in the response.

To expand the response, append the expand query parameter and add a comma-separated list with any of the following fields:

• environments includes a paginated list of the project environments.

For example, expand=environments includes the environments field for the project in the response.

Usage:
  ldcli projects get [flags]

Required flags:
      --project string   The project key.

Optional flags:
      --expand string   A comma-separated list of properties that can
                        reveal additional information in the response.

Global flags:
  -h, --help                  Get help about any command
      --access-token string   LaunchDarkly access token with write-level access
      --analytics-opt-out     Opt out of analytics tracking
      --base-uri string       LaunchDarkly base URI (default "https://app.launchdarkly.com")
      --fields strings        Comma-separated list of top-level fields to include in JSON output (e.g., --fields key,name,kind)
      --json                  Output JSON format (shorthand for --output json)
  -o, --output string         Output format: json, plaintext, or markdown (default: plaintext in a terminal, json otherwise) (default "json")
