
Edit an existing variation of an AI Config. This creates a new version of the variation.

The request body must be a JSON object of the fields to update. The values you include replace the existing values for the fields.

Here's an example:

    {
      "messages": [
        {
          "role": "system",
          "content": "The new message"
        }
      ]
    }

Usage:
  ldcli ai-configs update-ai-config-variation [flags]

Required flags:
      --config string      
      --project string     
      --variation string

Optional flags:
  -d, --data string   Input data in JSON

Global flags:
  -h, --help                  Get help about any command
      --access-token string   LaunchDarkly access token with write-level access
      --analytics-opt-out     Opt out of analytics tracking
      --base-uri string       LaunchDarkly base URI (default "https://app.launchdarkly.com")
      --fields strings        Comma-separated list of top-level fields to include in JSON output (e.g., --fields key,name,kind)
      --json                  Output JSON format (shorthand for --output json)
  -o, --output string         Output format: json, plaintext, or markdown (default: plaintext in a terminal, json otherwise) (default "json")
