
Fetch a team by key.

### Expanding the teams response

LaunchDarkly supports several fields for expanding the "Get team" response. By default, these fields are **not** included in the response.

To expand the response, append the expand query parameter and add a comma-separated list with any of the following fields:

• members includes the total count of members that belong to the team.
• roles includes a paginated list of the custom roles that you have assigned to the team.
• roleAttributes includes a list of the role attributes that you have assigned to the team.
• projects includes a paginated list of the projects that the team has any write access to.
• maintainers includes a paginated list of the maintainers that you have assigned to the team.

For example, expand=members,roles includes the members and roles fields in the response.

Usage:
  ldcli teams get [flags]

Required flags:
      --team string   The team key.

Optional flags:
      --expand string   A comma-separated list of properties that can
                        reveal additional information in the response.

Global flags:
  -h, --help                  Get help about any command
      --access-token string   LaunchDarkly access token with write-level access
      --analytics-opt-out     Opt out of analytics tracking
      --base-uri string       LaunchDarkly base URI (default "https://app.launchdarkly.com")
      --fields strings        Comma-separated list of top-level fields to include in JSON output (e.g., --fields key,name,kind)
      --json                  Output JSON format (shorthand for --output json)
  -o, --output string         Output format: json, plaintext, or markdown (default: plaintext in a terminal, json otherwise) (default "json")
