

| ### This feature is in beta
| 
| To use this feature, pass in a header including the LD-API-Version key with value set to beta. Use this header with each call. To learn more, read Beta resources https://launchdarkly.com/docs/api#beta-resources.
| 
| Resources that are in beta are still undergoing testing and development. They may change without notice, including becoming backwards incompatible.

Engineering insights automatically creates repository associations when it receives deployments or code references. Optionally, you can manually configure additional associations. You can use the repositories API to list repositories and create associations to projects. To learn more, read Send deployment information https://launchdarkly.com/docs/home/observability/config-deployment.

Usage:
  ldcli insights-repositories-beta [command]

Available Commands:
  associate-repositories-and-projects Associate repositories with projects
  delete-repository-project           Remove repository project association
  list                                List repositories

Global flags:
  -h, --help                  Get help about any command
      --access-token string   LaunchDarkly access token with write-level access
      --analytics-opt-out     Opt out of analytics tracking
      --base-uri string       LaunchDarkly base URI (default "https://app.launchdarkly.com")
      --fields strings        Comma-separated list of top-level fields to include in JSON output (e.g., --fields key,name,kind)
      --json                  Output JSON format (shorthand for --output json)
  -o, --output string         Output format: json, plaintext, or markdown (default: plaintext in a terminal, json otherwise) (default "json")

Use "ldcli insights-repositories-beta [command] --help" for more information about a command.
