

| ### This feature is in beta
| 
| To use this feature, pass in a header including the LD-API-Version key with value set to beta. Use this header with each call. To learn more, read Beta resources https://launchdarkly.com/docs/api#beta-resources.
| 
| Resources that are in beta are still undergoing testing and development. They may change without notice, including becoming backwards incompatible.

Release policies let you specify your preferred rollout method for a given set of environments.

Usage:
  ldcli release-policies-beta [command]

Available Commands:
  create-order           Update the order of existing release policies
  create-release-policy  Create a release policy
  delete-release-policy  Delete a release policy
  get-release-policy     Get a release policy by key
  list                   List release policies
  replace-release-policy Update a release policy

Global flags:
  -h, --help                  Get help about any command
      --access-token string   LaunchDarkly access token with write-level access
      --analytics-opt-out     Opt out of analytics tracking
      --base-uri string       LaunchDarkly base URI (default "https://app.launchdarkly.com")
      --fields strings        Comma-separated list of top-level fields to include in JSON output (e.g., --fields key,name,kind)
      --json                  Output JSON format (shorthand for --output json)
  -o, --output string         Output format: json, plaintext, or markdown (default: plaintext in a terminal, json otherwise) (default "json")

Use "ldcli release-policies-beta [command] --help" for more information about a command.
