

| ### This feature is in beta
| 
| To use this feature, pass in a header including the LD-API-Version key with value set to beta. Use this header with each call. To learn more, read Beta resources https://launchdarkly.com/docs/api#beta-resources.
| 
| Resources that are in beta are still undergoing testing and development. They may change without notice, including becoming backwards incompatible.

Metrics measure audience behaviors affected by the flags in your experiments. Metric groups are reusable, ordered lists of metrics you can use to standardize metrics across multiple experiments. To learn more, read Metrics https://launchdarkly.com/docs/home/observability/metrics and Metric groups https://launchdarkly.com/docs/home/observability/metric-groups.

Using the metrics API, you can create, delete, and manage metrics and metric groups.

Usage:
  ldcli metric-groups-beta [command]

Available Commands:
  create      Create metric group
  delete      Delete metric group
  get         Get metric group
  list        List metric groups
  update      Patch metric group

Global flags:
  -h, --help                  Get help about any command
      --access-token string   LaunchDarkly access token with write-level access
      --analytics-opt-out     Opt out of analytics tracking
      --base-uri string       LaunchDarkly base URI (default "https://app.launchdarkly.com")
      --fields strings        Comma-separated list of top-level fields to include in JSON output (e.g., --fields key,name,kind)
      --json                  Output JSON format (shorthand for --output json)
  -o, --output string         Output format: json, plaintext, or markdown (default: plaintext in a terminal, json otherwise) (default "json")

Use "ldcli metric-groups-beta [command] --help" for more information about a command.
