
Get information for a single metric group from the specific project.

### Expanding the metric group response

LaunchDarkly supports two fields for expanding the "Get metric group" response. By default, these fields are **not** included in the response.

To expand the response, append the expand query parameter and add a comma-separated list with either or both of the following fields:

• experiments includes all experiments from the specific project that use the metric group
• experimentCount includes the number of experiments from the specific project that use the metric group

For example, expand=experiments includes the experiments field in the response.

Usage:
  ldcli metric-groups-beta get [flags]

Required flags:
      --metric-group string   The metric group key
      --project string        The project key

Optional flags:
      --expand string   A comma-separated list of properties that can
                        reveal additional information in the response.

Global flags:
  -h, --help                  Get help about any command
      --access-token string   LaunchDarkly access token with write-level access
      --analytics-opt-out     Opt out of analytics tracking
      --base-uri string       LaunchDarkly base URI (default "https://app.launchdarkly.com")
      --fields strings        Comma-separated list of top-level fields to include in JSON output (e.g., --fields key,name,kind)
      --json                  Output JSON format (shorthand for --output json)
  -o, --output string         Output format: json, plaintext, or markdown (default: plaintext in a terminal, json otherwise) (default "json")
