
Enable or disable a feature flag for a context based on its context kind and key.

In the request body, the setting should be the variation value to set for the context. It must match the flag's variation type. For example, for a boolean flag you can use "setting": true or "setting": false in the request body. For a string flag, you can use "setting": "existing_variation_value_to_use".

Omitting the setting attribute from the request body, or including a setting of null, erases the current setting for a context.

If you previously patched the flag, and the patch included the context's data, LaunchDarkly continues to use that data. If LaunchDarkly has never encountered the combination of the context's key and kind before, it calculates the flag values based on the context kind and key.

Usage:
  ldcli context-settings replace [flags]

Required flags:
      --context string        The context key
      --context-kind string   The context kind
  -d, --data string           Input data in JSON
      --environment string    The environment key
      --flag string           The feature flag key
      --project string        The project key

Global flags:
  -h, --help                  Get help about any command
      --access-token string   LaunchDarkly access token with write-level access
      --analytics-opt-out     Opt out of analytics tracking
      --base-uri string       LaunchDarkly base URI (default "https://app.launchdarkly.com")
      --fields strings        Comma-separated list of top-level fields to include in JSON output (e.g., --fields key,name,kind)
      --json                  Output JSON format (shorthand for --output json)
  -o, --output string         Output format: json, plaintext, or markdown (default: plaintext in a terminal, json otherwise) (default "json")
