
Get a list of SDKs. These are all of the SDKs that have connected to LaunchDarkly by monthly active users (MAU) in the requested time period.Endpoints for retrieving monthly active users (MAU) do not return information about active context instances. After you have upgraded your LaunchDarkly SDK to use contexts instead of users, you should not rely on this endpoint. To learn more, read Account usage metrics https://launchdarkly.com/docs/home/account/metrics.

Usage:
  ldcli account-usage-beta get-mau-sdks-by-type [flags]

Optional flags:
      --from string      The data returned starts from this timestamp.
                         Defaults to seven days ago. The timestamp is in
                         Unix milliseconds, for example, 1656694800000.
      --sdktype string   The type of SDK with monthly active users (MAU)
                         to list. Must be either 'client' or 'server'.
      --to string        The data returned ends at this timestamp.
                         Defaults to the current time. The timestamp is in
                         Unix milliseconds, for example, 1657904400000.

Global flags:
  -h, --help                  Get help about any command
      --access-token string   LaunchDarkly access token with write-level access
      --analytics-opt-out     Opt out of analytics tracking
      --base-uri string       LaunchDarkly base URI (default "https://app.launchdarkly.com")
      --fields strings        Comma-separated list of top-level fields to include in JSON output (e.g., --fields key,name,kind)
      --json                  Output JSON format (shorthand for --output json)
  -o, --output string         Output format: json, plaintext, or markdown (default: plaintext in a terminal, json otherwise) (default "json")
