
Environments allow you to maintain separate rollout rules in different contexts, from local development to QA, staging, and production. With the LaunchDarkly Environments API, you can programmatically list, create, and manage environments. To learn more, read Environments https://launchdarkly.com/docs/home/account/environment.

Usage:
  ldcli environments [command]

Available Commands:
  create           Create environment
  delete           Delete environment
  get              Get environment
  get-sdk-active   Get SDK active status for an environment
  list             List environments
  reset-mobile-key Reset environment mobile SDK key
  reset-sdk-key    Reset environment SDK key
  update           Update environment

Global flags:
  -h, --help                  Get help about any command
      --access-token string   LaunchDarkly access token with write-level access
      --analytics-opt-out     Opt out of analytics tracking
      --base-uri string       LaunchDarkly base URI (default "https://app.launchdarkly.com")
      --fields strings        Comma-separated list of top-level fields to include in JSON output (e.g., --fields key,name,kind)
      --json                  Output JSON format (shorthand for --output json)
  -o, --output string         Output format: json, plaintext, or markdown (default: plaintext in a terminal, json otherwise) (default "json")

Use "ldcli environments [command] --help" for more information about a command.
