
Update a scheduled change, overriding existing instructions with the new ones. Updating a scheduled change uses the semantic patch format.

To make a semantic patch request, you must append domain-model=launchdarkly.semanticpatch to your Content-Type header. To learn more, read Updates using semantic patch https://launchdarkly.com/docs/api#updates-using-semantic-patch.

### Instructions

Semantic patch requests support the following kind instructions for updating scheduled changes.
Click to expand instructions for updating scheduled changes
#### deleteScheduledChange

Removes the scheduled change.

Here's an example:

  {
    "instructions": [{ "kind": "deleteScheduledChange" }]
  }

#### replaceScheduledChangesInstructions

Removes the existing scheduled changes and replaces them with the new instructions.

##### Parameters

• value: An array of the new actions to perform when the execution date for these scheduled changes arrives. Supported scheduled actions are turnFlagOn and turnFlagOff.

Here's an example that replaces the scheduled changes with new instructions to turn flag targeting off:

  {
    "instructions": [
      {
        "kind": "replaceScheduledChangesInstructions",
        "value": [ {"kind": "turnFlagOff"} ]
      }
    ]
  }

#### updateScheduledChangesExecutionDate

Updates the execution date for the scheduled changes.

##### Parameters

• value: the new execution date, in Unix milliseconds.

Here's an example:

  {
    "instructions": [
      {
        "kind": "updateScheduledChangesExecutionDate",
        "value": 1754092860000
      }
    ]
  }

Usage:
  ldcli scheduled-changes update [flags]

Required flags:
  -d, --data string          Input data in JSON
      --environment string   The environment key
      --flag string          The feature flag key
      --id string            The scheduled change ID
      --project string       The project key

Optional flags:
      --ignore-conflicts string   Whether to succeed ('true') or fail
                                  ('false') when these new instructions
                                  conflict with existing scheduled changes
      --semantic-patch            Perform a semantic patch request

Global flags:
  -h, --help                  Get help about any command
      --access-token string   LaunchDarkly access token with write-level access
      --analytics-opt-out     Opt out of analytics tracking
      --base-uri string       LaunchDarkly base URI (default "https://app.launchdarkly.com")
      --fields strings        Comma-separated list of top-level fields to include in JSON output (e.g., --fields key,name,kind)
      --json                  Output JSON format (shorthand for --output json)
  -o, --output string         Output format: json, plaintext, or markdown (default: plaintext in a terminal, json otherwise) (default "json")
