

| ### This feature is in beta
| 
| To use this feature, pass in a header including the LD-API-Version key with value set to beta. Use this header with each call. To learn more, read Beta resources https://launchdarkly.com/docs/api#beta-resources.
| 
| Resources that are in beta are still undergoing testing and development. They may change without notice, including becoming backwards incompatible.

The charts API provides access to the data used in engineering insights project metrics. To learn more, read Project metrics https://launchdarkly.com/docs/home/observability/project-metrics.

Usage:
  ldcli insights-charts-beta [command]

Available Commands:
  get-deployment-frequency-chart Get deployment frequency chart data
  get-flag-status-chart          Get flag status chart data
  get-lead-time-chart            Get lead time chart data
  get-release-frequency-chart    Get release frequency chart data
  get-stale-flags-chart          Get stale flags chart data

Global flags:
  -h, --help                  Get help about any command
      --access-token string   LaunchDarkly access token with write-level access
      --analytics-opt-out     Opt out of analytics tracking
      --base-uri string       LaunchDarkly base URI (default "https://app.launchdarkly.com")
      --fields strings        Comma-separated list of top-level fields to include in JSON output (e.g., --fields key,name,kind)
      --json                  Output JSON format (shorthand for --output json)
  -o, --output string         Output format: json, plaintext, or markdown (default: plaintext in a terminal, json otherwise) (default "json")

Use "ldcli insights-charts-beta [command] --help" for more information about a command.
