
Update a flag trigger. Updating a flag trigger uses the semantic patch format.

To make a semantic patch request, you must append domain-model=launchdarkly.semanticpatch to your Content-Type header. To learn more, read Updates using semantic patch https://launchdarkly.com/docs/api#updates-using-semantic-patch.

### Instructions

Semantic patch requests support the following kind instructions for updating flag triggers.
Click to expand instructions for updating flag triggers
#### replaceTriggerActionInstructions

Removes the existing trigger action and replaces it with the new instructions.

##### Parameters

• value: An array of the new kinds of actions to perform when triggering. Supported flag actions are turnFlagOn and turnFlagOff.

Here's an example that replaces the existing action with new instructions to turn flag targeting off:

  {
    "instructions": [
      {
        "kind": "replaceTriggerActionInstructions",
        "value": [ {"kind": "turnFlagOff"} ]
      }
    ]
  }

#### cycleTriggerUrl

Generates a new URL for this trigger. You must update any clients using the trigger to use this new URL.

Here's an example:

  {
    "instructions": [{ "kind": "cycleTriggerUrl" }]
  }

#### disableTrigger

Disables the trigger. This saves the trigger configuration, but the trigger stops running. To re-enable, use enableTrigger.

Here's an example:

  {
    "instructions": [{ "kind": "disableTrigger" }]
  }

#### enableTrigger

Enables the trigger. If you previously disabled the trigger, it begins running again.

Here's an example:

  {
    "instructions": [{ "kind": "enableTrigger" }]
  }

Usage:
  ldcli flag-triggers update [flags]

Required flags:
  -d, --data string          Input data in JSON
      --environment string   The environment key
      --flag string          The feature flag key
      --id string            The flag trigger ID
      --project string       The project key

Optional flags:
      --semantic-patch   Perform a semantic patch request

Global flags:
  -h, --help                  Get help about any command
      --access-token string   LaunchDarkly access token with write-level access
      --analytics-opt-out     Opt out of analytics tracking
      --base-uri string       LaunchDarkly base URI (default "https://app.launchdarkly.com")
      --fields strings        Comma-separated list of top-level fields to include in JSON output (e.g., --fields key,name,kind)
      --json                  Output JSON format (shorthand for --output json)
  -o, --output string         Output format: json, plaintext, or markdown (default: plaintext in a terminal, json otherwise) (default "json")
