

| ### Copying flag settings is an Enterprise feature
| 
| Copying flag settings is available to customers on an Enterprise plan. To learn more, read about our pricing https://launchdarkly.com/pricing/. To upgrade your plan, contact Sales https://launchdarkly.com/contact-sales/.

Copy flag settings from a source environment to a target environment.

By default, this operation copies the entire flag configuration. You can use the includedActions or excludedActions to specify that only part of the flag configuration is copied.

If you provide the optional currentVersion of a flag, this operation tests to ensure that the current flag version in the environment matches the version you've specified. The operation rejects attempts to copy flag settings if the environment's current version  of the flag does not match the version you've specified. You can use this to enforce optimistic locking on copy attempts.

Usage:
  ldcli flags copy [flags]

Required flags:
  -d, --data string      Input data in JSON
      --flag string      The feature flag key. The key identifies the flag
                         in your code.
      --project string   The project key

Global flags:
  -h, --help                  Get help about any command
      --access-token string   LaunchDarkly access token with write-level access
      --analytics-opt-out     Opt out of analytics tracking
      --base-uri string       LaunchDarkly base URI (default "https://app.launchdarkly.com")
      --fields strings        Comma-separated list of top-level fields to include in JSON output (e.g., --fields key,name,kind)
      --json                  Output JSON format (shorthand for --output json)
  -o, --output string         Output format: json, plaintext, or markdown (default: plaintext in a terminal, json otherwise) (default "json")
