Upload JavaScript sourcemaps to LaunchDarkly for error monitoring

Usage:
  ldcli sourcemaps upload [flags]

Required flags:
      --project string   The project key

Optional flags:
      --app-version string   The current version of your deploy
      --backend-url string   An optional backend url for self-hosted
                             deployments (default
                             "https://pri.observability.app.launchdarkly.com")
      --base-path string     An optional base path for the uploaded sourcemaps
      --path string          Sets the directory of where the sourcemaps
                             are (default ".")

Global flags:
  -h, --help                  Get help about any command
      --access-token string   LaunchDarkly access token with write-level access
      --analytics-opt-out     Opt out of analytics tracking
      --base-uri string       LaunchDarkly base URI (default "https://app.launchdarkly.com")
      --fields strings        Comma-separated list of top-level fields to include in JSON output (e.g., --fields key,name,kind)
      --json                  Output JSON format (shorthand for --output json)
  -o, --output string         Output format: json, plaintext, or markdown (default: plaintext in a terminal, json otherwise) (default "json")
