
Get all release pipelines for a project.

### Filtering release pipelines

LaunchDarkly supports the following fields for filters:

• query is a string that matches against the release pipeline key, name, and description. It is not case sensitive. For example: ?filter=query:examplePipeline.
• env is a string that matches an environment key. For example: ?filter=env:production.

Usage:
  ldcli release-pipelines-beta list [flags]

Required flags:
      --project string   The project key

Optional flags:
      --filter string   A comma-separated list of filters. Each filter is
                        of the form field:value. Read the endpoint
                        description for a full list of available filter fields.
      --limit string    The maximum number of items to return. Defaults to 20.
      --offset string   Where to start in the list. Defaults to 0. Use
                        this with pagination. For example, an offset of 10
                        skips the first ten items and then returns the
                        next items in the list, up to the query 'limit'.

Global flags:
  -h, --help                  Get help about any command
      --access-token string   LaunchDarkly access token with write-level access
      --analytics-opt-out     Opt out of analytics tracking
      --base-uri string       LaunchDarkly base URI (default "https://app.launchdarkly.com")
      --fields strings        Comma-separated list of top-level fields to include in JSON output (e.g., --fields key,name,kind)
      --json                  Output JSON format (shorthand for --output json)
  -o, --output string         Output format: json, plaintext, or markdown (default: plaintext in a terminal, json otherwise) (default "json")
