
List groups for which you are collecting insights

### Expanding the insight groups collection response

LaunchDarkly supports expanding the insight groups collection response to include additional fields.

To expand the response, append the expand query parameter and include the following:

• scores includes details on all of the scores used in the engineering insights metrics views for each group
• environment includes details on each environment associated with each group
• metadata includes counts of the number of insight groups with particular indicators, such as "excellent," "good," "fair," and so on.

For example, use ?expand=scores to include the scores field in the response. By default, this field is **not** included in the response.

Usage:
  ldcli insights-scores-beta list-insight-groups [flags]

Optional flags:
      --expand string   Options: 'scores', 'environment', 'metadata'
      --limit string    The number of insight groups to return. Default is
                        20. Must be between 1 and 20 inclusive.
      --offset string   Where to start in the list. Use this with
                        pagination. For example, an offset of 10 skips the
                        first ten items and then returns the next items in
                        the list, up to the query 'limit'.
      --query string    Filter list of insights groups by name.
      --sort string     Sort flag list by field. Prefix field with
                        <code>-</code> to sort in descending order.
                        Allowed fields: name

Global flags:
  -h, --help                  Get help about any command
      --access-token string   LaunchDarkly access token with write-level access
      --analytics-opt-out     Opt out of analytics tracking
      --base-uri string       LaunchDarkly base URI (default "https://app.launchdarkly.com")
      --fields strings        Comma-separated list of top-level fields to include in JSON output (e.g., --fields key,name,kind)
      --json                  Output JSON format (shorthand for --output json)
  -o, --output string         Output format: json, plaintext, or markdown (default: plaintext in a terminal, json otherwise) (default "json")
