
Fetch a list of all access tokens.

Usage:
  ldcli access-tokens list [flags]

Optional flags:
      --limit string      The number of access tokens to return in the
                          response. Defaults to 25.
      --offset string     Where to start in the list. This is for use with
                          pagination. For example, an offset of 10 skips
                          the first ten items and then returns the next
                          items in the list, up to the query 'limit'.
      --show-all string   If set to true, and the authentication access
                          token has the 'Admin' role, personal access
                          tokens for all members will be retrieved.

Global flags:
  -h, --help                  Get help about any command
      --access-token string   LaunchDarkly access token with write-level access
      --analytics-opt-out     Opt out of analytics tracking
      --base-uri string       LaunchDarkly base URI (default "https://app.launchdarkly.com")
      --fields strings        Comma-separated list of top-level fields to include in JSON output (e.g., --fields key,name,kind)
      --json                  Output JSON format (shorthand for --output json)
  -o, --output string         Output format: json, plaintext, or markdown (default: plaintext in a terminal, json otherwise) (default "json")
