
Return a list of environments for the specified project.

By default, this returns the first 20 environments. Page through this list with the limit parameter and by following the first, prev, next, and last links in the _links field that returns. If those links do not appear, the pages they refer to don't exist. For example, the first and prev links will be missing from the response on the first page, because there is no previous page and you cannot return to the first page when you are already on the first page.

### Filtering environments

LaunchDarkly supports two fields for filters:

• query is a string that matches against the environments' names and keys. It is not case sensitive.
• tags is a +-separated list of environment tags. It filters the list of environments that have all of the tags in the list.

For example, the filter filter=query:abc,tags:tag-1+tag-2 matches environments with the string abc in their name or key and also are tagged with tag-1 and tag-2. The filter is not case-sensitive.

The documented values for filter query parameters are prior to URL encoding. For example, the + in filter=tags:tag-1+tag-2 must be encoded to %2B.

### Sorting environments

LaunchDarkly supports the following fields for sorting:

• createdOn sorts by the creation date of the environment.
• critical sorts by whether the environments are marked as critical.
• name sorts by environment name.

For example, sort=name sorts the response by environment name in ascending order.

Usage:
  ldcli environments list [flags]

Required flags:
      --project string   The project key

Optional flags:
      --filter string   A comma-separated list of filters. Each filter is
                        of the form 'field:value'.
      --limit string    The number of environments to return in the
                        response. Defaults to 20.
      --offset string   Where to start in the list. This is for use with
                        pagination. For example, an offset of 10 skips the
                        first ten items and then returns the next items in
                        the list, up to the query 'limit'.
      --sort string     A comma-separated list of fields to sort by.
                        Fields prefixed by a dash ( - ) sort in descending
                        order.

Global flags:
  -h, --help                  Get help about any command
      --access-token string   LaunchDarkly access token with write-level access
      --analytics-opt-out     Opt out of analytics tracking
      --base-uri string       LaunchDarkly base URI (default "https://app.launchdarkly.com")
      --fields strings        Comma-separated list of top-level fields to include in JSON output (e.g., --fields key,name,kind)
      --json                  Output JSON format (shorthand for --output json)
  -o, --output string         Output format: json, plaintext, or markdown (default: plaintext in a terminal, json otherwise) (default "json")
