
Get context attribute names.

Usage:
  ldcli contexts list-attribute-names [flags]

Required flags:
      --environment string   The environment key
      --project string       The project key

Optional flags:
      --filter string   A comma-separated list of context filters. This
                        endpoint only accepts 'kind' filters, with the
                        'equals' operator, and 'name' filters, with the
                        'startsWith' operator. To learn more about the
                        filter syntax, read [Filtering contexts and
                        context
                        instances](https://launchdarkly.com/docs/ld-docs/api/contexts#filtering-contexts-and-context-instances).
      --limit string    Specifies the maximum number of items in the
                        collection to return (max: 100, default: 100)

Global flags:
  -h, --help                  Get help about any command
      --access-token string   LaunchDarkly access token with write-level access
      --analytics-opt-out     Opt out of analytics tracking
      --base-uri string       LaunchDarkly base URI (default "https://app.launchdarkly.com")
      --fields strings        Comma-separated list of top-level fields to include in JSON output (e.g., --fields key,name,kind)
      --json                  Output JSON format (shorthand for --output json)
  -o, --output string         Output format: json, plaintext, or markdown (default: plaintext in a terminal, json otherwise) (default "json")
