
Get a list of all extinctions. LaunchDarkly creates an extinction event after you remove all code references to a flag. To learn more, read About extinction events https://launchdarkly.com/docs/home/observability/code-references#about-extinction-events.

Usage:
  ldcli code-refs list-extinctions [flags]

Optional flags:
      --branch-name string   Filter results to a specific branch. By
                             default, only the default branch will be
                             queried for extinctions.
      --flag string          Filter results to a specific flag key
      --from string          Filter results to a specific timeframe based
                             on commit time, expressed as a Unix epoch
                             time in milliseconds. Must be used with 'to'.
      --proj string          Filter results to a specific project
      --repo-name string     Filter results to a specific repository
      --to string            Filter results to a specific timeframe based
                             on commit time, expressed as a Unix epoch
                             time in milliseconds. Must be used with 'from'.

Global flags:
  -h, --help                  Get help about any command
      --access-token string   LaunchDarkly access token with write-level access
      --analytics-opt-out     Opt out of analytics tracking
      --base-uri string       LaunchDarkly base URI (default "https://app.launchdarkly.com")
      --fields strings        Comma-separated list of top-level fields to include in JSON output (e.g., --fields key,name,kind)
      --json                  Output JSON format (shorthand for --output json)
  -o, --output string         Output format: json, plaintext, or markdown (default: plaintext in a terminal, json otherwise) (default "json")
