Generate the autocompletion script for the bash shell.

This script depends on the 'bash-completion' package.
If it is not installed already, you can install it via your OS's package manager.

To load completions in your current shell session:

	source <(ldcli completion bash)

To load completions for every new session, execute once:

#### Linux:

	ldcli completion bash > /etc/bash_completion.d/ldcli

#### macOS:

	ldcli completion bash > $(brew --prefix)/etc/bash_completion.d/ldcli

You will need to start a new shell for this setup to take effect.

Usage:
  ldcli completion bash

Optional flags:
      --no-descriptions   disable completion descriptions

Global flags:
  -h, --help                  Get help about any command
      --access-token string   LaunchDarkly access token with write-level access
      --analytics-opt-out     Opt out of analytics tracking
      --base-uri string       LaunchDarkly base URI (default "https://app.launchdarkly.com")
      --fields strings        Comma-separated list of top-level fields to include in JSON output (e.g., --fields key,name,kind)
      --json                  Output JSON format (shorthand for --output json)
  -o, --output string         Output format: json, plaintext, or markdown (default: plaintext in a terminal, json otherwise) (default "json")
