

| ### This feature is in beta
| 
| To use this feature, pass in a header including the LD-API-Version key with value set to beta. Use this header with each call. To learn more, read Beta resources https://launchdarkly.com/docs/api#beta-resources.
| 
| Resources that are in beta are still undergoing testing and development. They may change without notice, including becoming backwards incompatible.

The account usage API lets you query for metrics about how your account is using LaunchDarkly. To learn more, read Account usage metrics https://launchdarkly.com/docs/home/account/metrics.

Each endpoint returns time-series data in the form of an array of data points with timestamps. Each one contains data for that time from one or more series. It also includes a metadata array describing what each of the series is.

Usage:
  ldcli account-usage-beta [command]

Available Commands:
  get-contexts-clientside-usage    Get contexts clientside usage
  get-contexts-serverside-usage    Get contexts serverside usage
  get-contexts-total-usage         Get contexts total usage
  get-data-export-events-usage     Get data export events usage
  get-evaluations-usage            Get evaluations usage
  get-events-usage                 Get events usage
  get-experimentation-events-usage Get experimentation events usage
  get-experimentation-keys-usage   Get experimentation keys usage
  get-mau-clientside-usage         Get MAU clientside usage
  get-mau-sdks-by-type             Get MAU SDKs by type
  get-mau-total-usage              Get MAU total usage
  get-mau-usage                    Get MAU usage
  get-mau-usage-by-category        Get MAU usage by category
  get-observability-errors-usage   Get observability errors usage
  get-observability-logs-usage     Get observability logs usage
  get-observability-metrics-usage  Get observability metrics usage
  get-observability-sessions-usage Get observability sessions usage
  get-observability-traces-usage   Get observability traces usage
  get-sdk-versions-details         Get SDK versions usage details
  get-service-connections-usage    Get service connections usage
  get-stream-usage                 Get stream usage
  get-stream-usage-by-sdk-version  Get stream usage by SDK version
  get-stream-usage-sdkversion      Get stream usage SDK versions
  get-vega-ai-usage                Get Vega AI usage

Global flags:
  -h, --help                  Get help about any command
      --access-token string   LaunchDarkly access token with write-level access
      --analytics-opt-out     Opt out of analytics tracking
      --base-uri string       LaunchDarkly base URI (default "https://app.launchdarkly.com")
      --fields strings        Comma-separated list of top-level fields to include in JSON output (e.g., --fields key,name,kind)
      --json                  Output JSON format (shorthand for --output json)
  -o, --output string         Output format: json, plaintext, or markdown (default: plaintext in a terminal, json otherwise) (default "json")

Use "ldcli account-usage-beta [command] --help" for more information about a command.
