

| ### This feature is in beta
| 
| To use this feature, pass in a header including the LD-API-Version key with value set to beta. Use this header with each call. To learn more, read Beta resources https://launchdarkly.com/docs/api#beta-resources.
| 
| Resources that are in beta are still undergoing testing and development. They may change without notice, including becoming backwards incompatible.

The deployments API provides access to deployment information in engineering insights. To learn more, read Deployments https://launchdarkly.com/docs/home/observability/deployments.

Usage:
  ldcli insights-deployments-beta [command]

Available Commands:
  create-deployment-event Create deployment event
  get-deployment          Get deployment
  list-deployments        List deployments
  update-deployment       Update deployment

Global flags:
  -h, --help                  Get help about any command
      --access-token string   LaunchDarkly access token with write-level access
      --analytics-opt-out     Opt out of analytics tracking
      --base-uri string       LaunchDarkly base URI (default "https://app.launchdarkly.com")
      --fields strings        Comma-separated list of top-level fields to include in JSON output (e.g., --fields key,name,kind)
      --json                  Output JSON format (shorthand for --output json)
  -o, --output string         Output format: json, plaintext, or markdown (default: plaintext in a terminal, json otherwise) (default "json")

Use "ldcli insights-deployments-beta [command] --help" for more information about a command.
